// Jest Snapshot v1, https://goo.gl/fbAQLP

exports[`SwapRouter gas tests #exactInput 0 -> 1 -> 2 1`] = `172792`;

exports[`SwapRouter gas tests #exactInput 0 -> 1 1`] = `107906`;

exports[`SwapRouter gas tests #exactInput 0 -> 1 minimal 1`] = `98206`;

exports[`SwapRouter gas tests #exactInput 0 -> WETH9 1`] = `127725`;

exports[`SwapRouter gas tests #exactInput 2 trades (via router) 1`] = `189108`;

exports[`SwapRouter gas tests #exactInput 3 trades (directly to sender) 1`] = `259042`;

exports[`SwapRouter gas tests #exactInput WETH9 -> 0 1`] = `106230`;

exports[`SwapRouter gas tests #exactInputSingle 0 -> 1 1`] = `107327`;

exports[`SwapRouter gas tests #exactInputSingle 0 -> WETH9 1`] = `127140`;

exports[`SwapRouter gas tests #exactInputSingle WETH9 -> 0 1`] = `105651`;

exports[`SwapRouter gas tests #exactOutput 0 -> 1 -> 2 1`] = `169569`;

exports[`SwapRouter gas tests #exactOutput 0 -> 1 1`] = `111904`;

exports[`SwapRouter gas tests #exactOutput 0 -> WETH9 1`] = `128968`;

exports[`SwapRouter gas tests #exactOutput WETH9 -> 0 1`] = `119838`;

exports[`SwapRouter gas tests #exactOutputSingle 0 -> 1 1`] = `112114`;

exports[`SwapRouter gas tests #exactOutputSingle 0 -> WETH9 1`] = `129178`;

exports[`SwapRouter gas tests #exactOutputSingle WETH9 -> 0 1`] = `114513`;

exports[`SwapRouter gas tests 3 trades (directly to sender) 1`] = `179734`;
